exports[`<Posts /> renders 1`] = `
<div>
  <HelmetWrapper
    title="Posts" />
  <h1>
    Posts
  </h1>
  <ul>
    <li>
      <Link
        activeClassName=""
        activeOnlyWhenExact={false}
        activeStyle={Object {}}
        className=""
        isActive={[Function]}
        replace={false}
        style={Object {}}
        to="/posts/1">
        Post 1
      </Link>
    </li>
    <li>
      <Link
        activeClassName=""
        activeOnlyWhenExact={false}
        activeStyle={Object {}}
        className=""
        isActive={[Function]}
        replace={false}
        style={Object {}}
        to="/posts/2">
        Post 2
      </Link>
    </li>
  </ul>
  <Match
    component={[Function]}
    exactly={false}
    pattern="/posts/:id" />
</div>
`;
